• Running devenv:files:cleanup
✓ Running devenv:files:cleanup in 18.5ms
• Running devenv:files
✓ Running devenv:files in 28.6ms
• Running devenv:enterShell
✓ Running devenv:enterShell in 15.3ms
   Compiling better-auth-macros v1.0.0-alpha.3 (/tmp/better-auth-sixissues-http-exposure/crates/derive)
    Checking better-auth-schema-registry v1.0.0-alpha.3 (/tmp/better-auth-sixissues-http-exposure/crates/schema-registry)
   Compiling better-auth-entity-codegen v1.0.0-alpha.3 (/tmp/better-auth-sixissues-http-exposure/crates/entity-codegen)
   Compiling better-auth-webauthn-core v1.0.0-alpha.3 (/tmp/better-auth-sixissues-http-exposure/vendor/webauthn-rs-core)
    Checking better-auth-core v1.0.0-alpha.3 (/tmp/better-auth-sixissues-http-exposure/crates/core)
    Checking better-auth-webauthn-rs v1.0.0-alpha.3 (/tmp/better-auth-sixissues-http-exposure/vendor/webauthn-rs)
   Compiling better-auth-seaorm-macros v1.0.0-alpha.3 (/tmp/better-auth-sixissues-http-exposure/crates/seaorm-macros)
   Compiling better-auth-sqlx-macros v1.0.0-alpha.3 (/tmp/better-auth-sixissues-http-exposure/crates/sqlx-macros)
    Checking better-auth-seaorm v1.0.0-alpha.3 (/tmp/better-auth-sixissues-http-exposure/crates/seaorm)
    Checking better-auth-api v1.0.0-alpha.3 (/tmp/better-auth-sixissues-http-exposure/crates/api)
    Checking better-auth-sqlx v1.0.0-alpha.3 (/tmp/better-auth-sixissues-http-exposure/crates/sqlx)
mbx[progress]: 15s elapsed; 11 hits, 3 misses, 0 bypassed, 0 not looked up; ~5.83s compiler work saved
    Checking better-auth v1.0.0-alpha.3 (/tmp/better-auth-sixissues-http-exposure)
mbx[progress]: 30s elapsed; 11 hits, 5 misses, 0 bypassed, 4 not looked up; ~5.83s compiler work saved
    Finished `dev` profile [unoptimized] target(s) in 35.42s
mbx[cache]: 11 hits, 5 misses, 9 not looked up, 10 incremental; 0 B downloaded, 0 B uploaded, 16.3 MiB stored locally
   Compiling subtle v2.6.1
   Compiling crypto-common v0.2.2
   Compiling digest v0.10.7
   Compiling displaydoc v0.2.7
   Compiling smallvec v1.16.2
   Compiling serde_core v1.0.229
   Compiling num-traits v0.2.19
   Compiling tinystr v0.8.4
   Compiling hmac v0.12.1
   Compiling zerocopy v0.8.59
   Compiling icu_locale_core v2.3.0
   Compiling zerotrie v0.2.5
   Compiling signature v2.2.0
   Compiling ff v0.13.1
   Compiling inout v0.2.2
   Compiling icu_collections v2.3.0
   Compiling sec1 v0.7.3
   Compiling group v0.13.0
   Compiling icu_provider v2.3.1
   Compiling hkdf v0.12.4
   Compiling crypto-bigint v0.5.5
   Compiling memchr v2.8.3
   Compiling digest v0.11.3
   Compiling ppv-lite86 v0.2.21
   Compiling elliptic-curve v0.13.8
   Compiling cipher v0.5.2
   Compiling serde v1.0.229
   Compiling icu_normalizer v2.3.0
   Compiling icu_properties v2.3.0
   Compiling rand_chacha v0.3.1
   Compiling sha2 v0.10.9
   Compiling num-integer v0.1.47
   Compiling rfc6979 v0.4.0
   Compiling spin v0.9.9
   Compiling serde_json v1.0.151
   Compiling indexmap v2.14.2
   Compiling lazy_static v1.5.1
   Compiling num-iter v0.1.46
   Compiling ecdsa v0.16.9
   Compiling idna_adapter v1.2.2
   Compiling rand v0.8.8
   Compiling primeorder v0.13.6
   Compiling hmac v0.13.0
   Compiling aho-corasick v1.1.5
   Compiling universal-hash v0.6.1
   Compiling regex-automata v0.4.18
   Compiling form_urlencoded v1.2.2
   Compiling time-macros v0.2.32
   Compiling curve25519-dalek v4.1.3
   Compiling polyval v0.7.3
   Compiling num-bigint-dig v0.8.6
   Compiling idna v1.1.0
   Compiling parking_lot_core v0.9.12
   Compiling ed25519 v2.2.3
   Compiling time v0.3.55
   Compiling rsa v0.9.10
   Compiling ed25519-dalek v2.2.0
   Compiling parking_lot v0.12.5
   Compiling url v2.5.8
   Compiling ghash v0.6.0
   Compiling regex v1.13.1
   Compiling pbkdf2 v0.13.0
   Compiling p256 v0.13.2
   Compiling p384 v0.13.1
   Compiling aes v0.9.3
   Compiling ctr v0.10.1
   Compiling salsa20 v0.11.0
   Compiling sha2 v0.11.0
   Compiling aead v0.6.1
   Compiling futures-core v0.3.34
   Compiling chrono v0.4.45
   Compiling scrypt v0.12.0
   Compiling tokio v1.53.2
   Compiling futures-util v0.3.34
   Compiling jsonwebtoken v11.1.0
   Compiling tracing v0.1.44
   Compiling rand v0.10.3
   Compiling aes-gcm v0.11.1
   Compiling validator v0.21.0
   Compiling cookie v0.18.2
   Compiling hkdf v0.13.0
   Compiling uuid v1.27.0
   Compiling better-auth-core v1.0.0-alpha.3 (/tmp/better-auth-sixissues-http-exposure/crates/core)
    Finished `test` profile [unoptimized] target(s) in 18.55s
────────────
 Nextest run ID 4a5564e9-499d-46e7-99a4-dd1f8ab8fecd with nextest profile: default
    Starting 9 tests across 1 binary (154 tests skipped)
        PASS [   0.004s] (1/9) better-auth-core middleware::cors::tests::test_cors_preflight_not_allowed
        PASS [   0.004s] (2/9) better-auth-core openapi::tests::test_builder_core_routes
        PASS [   0.004s] (3/9) better-auth-core middleware::cors::tests::test_cors_no_origin_header
        PASS [   0.004s] (4/9) better-auth-core openapi::tests::test_builder_custom_route
        PASS [   0.005s] (5/9) better-auth-core middleware::cors::tests::test_cors_adds_headers_after_request
        PASS [   0.005s] (6/9) better-auth-core openapi::tests::test_spec_to_value
        PASS [   0.005s] (7/9) better-auth-core middleware::cors::tests::test_cors_preflight_allowed
        PASS [   0.005s] (8/9) better-auth-core openapi::tests::test_spec_to_json
        PASS [   0.009s] (9/9) better-auth-core middleware::cors::tests::test_cors_wildcard
────────────
     Summary [   0.010s] 9 tests run: 9 passed, 154 skipped
mbx[cache]: 0 hits, 0 misses, 93 not looked up; 0 B downloaded, 0 B uploaded, 228.5 MiB stored locally
