   Compiling better-auth-cli v1.0.0-alpha.3 (/tmp/better-auth-sixissues-schema-cli/crates/cli)
warning: unused result of type `&mut Command`
  --> crates/cli/tests/generate.rs:34:13
   |
34 |             command.args(["generate", "--plugins", plugins]);
   |             ^^^^^^^^^^^^^^^^^^^^^^^^^^^^^^^^^^^^^^^^^^^^^^^^^
   |
   = note: requested on the command line with `-W unused-results`

warning: unused result of type `&mut Command`
  --> crates/cli/tests/generate.rs:36:17
   |
36 |                 command.arg("--output").arg(path);
   |                 ^^^^^^^^^^^^^^^^^^^^^^^^^^^^^^^^^^

warning: `better-auth-cli` (test "generate") generated 2 warnings
   Compiling better-auth-schema-registry v1.0.0-alpha.3 (/tmp/better-auth-sixissues-schema-cli/crates/schema-registry)
    Finished `test` profile [unoptimized] target(s) in 0.45s
     Running unittests src/main.rs (/tmp/better-auth-final-verification-20261004-schema-cli/target/debug/deps/better_auth_rs-da60c60f625d87aa)

running 5 tests
test tests::list_plugins_includes_passkey ... ok
test tests::seaorm_schema_with_passkey_emits_entity_and_migration ... ok
test tests::sqlx_schema_with_passkey_emits_row_type_and_tables ... ok
test tests::seaorm_schema_builtin_plugins_emit_required_entities ... ok
test tests::generated_schemas_match_compiled_fixtures ... ok

test result: ok. 5 passed; 0 failed; 0 ignored; 0 measured; 0 filtered out; finished in 0.01s

     Running tests/generate.rs (/tmp/better-auth-final-verification-20261004-schema-cli/target/debug/deps/generate-9f259f6879f6f2d7)

running 2 tests
test generate_help_advertises_every_supported_plugin ... ok
test unknown_plugins_fail_without_output_or_filesystem_changes ... ok

test result: ok. 2 passed; 0 failed; 0 ignored; 0 measured; 0 filtered out; finished in 0.01s

     Running unittests src/lib.rs (/tmp/better-auth-final-verification-20261004-schema-cli/target/debug/deps/better_auth_schema_registry-943546970884df6f)

running 0 tests

test result: ok. 0 passed; 0 failed; 0 ignored; 0 measured; 0 filtered out; finished in 0.00s

   Doc-tests better_auth_schema_registry

running 0 tests

test result: ok. 0 passed; 0 failed; 0 ignored; 0 measured; 0 filtered out; finished in 0.00s

mbx[cache]: 0 hits, 1 misses, 2 not looked up, 2 incremental, 1 bypassed; 0 B downloaded, 0 B uploaded, 1.0 MiB stored locally
mbx[savings]: 426831 compilations retrieved with a straight face.
