   Compiling openssl v0.10.81
   Compiling chrono v0.4.45
   Compiling rust_decimal v1.43.0
   Compiling native-tls v0.2.18
   Compiling crypto-bigint v0.7.5
   Compiling sqlx-core v0.9.0
   Compiling sqlx-sqlite v0.9.0
   Compiling sqlx-postgres v0.9.0
   Compiling sqlx-macros-core v0.9.0
   Compiling sqlx-macros v0.9.0
   Compiling elliptic-curve v0.14.1
   Compiling primefield v0.14.0
   Compiling asn1-rs v0.6.2
   Compiling wnaf v0.14.1
   Compiling num-bigint-dig v0.8.6
   Compiling sqlx v0.9.0
   Compiling rfc6979 v0.6.0
   Compiling sea-query v1.0.2
   Compiling ecdsa v0.17.0
   Compiling rsa v0.9.10
   Compiling primeorder v0.14.0
   Compiling num-bigint v0.4.8
   Compiling jsonwebtoken v11.1.0
   Compiling der-parser v9.0.0
   Compiling sea-query-sqlx v0.9.1
   Compiling oid-registry v0.7.1
   Compiling better-auth-entity-codegen v1.0.0-alpha.3 (/tmp/better-auth-sixissues-schema-cli/crates/entity-codegen)
   Compiling x509-parser v0.16.0
   Compiling better-auth-core v1.0.0-alpha.3 (/tmp/better-auth-sixissues-schema-cli/crates/core)
   Compiling sea-schema v0.18.1
   Compiling webauthn-attestation-ca v0.5.4
   Compiling sea-orm v2.0.4
   Compiling sea-orm-cli v2.0.4
   Compiling better-auth-webauthn-core v1.0.0-alpha.3 (/tmp/better-auth-sixissues-schema-cli/vendor/webauthn-rs-core)
   Compiling better-auth-webauthn-rs v1.0.0-alpha.3 (/tmp/better-auth-sixissues-schema-cli/vendor/webauthn-rs)
   Compiling sea-orm-migration v2.0.4
   Compiling better-auth-seaorm-macros v1.0.0-alpha.3 (/tmp/better-auth-sixissues-schema-cli/crates/seaorm-macros)
   Compiling better-auth-sqlx-macros v1.0.0-alpha.3 (/tmp/better-auth-sixissues-schema-cli/crates/sqlx-macros)
   Compiling p256 v0.14.0
   Compiling k256 v0.14.0
   Compiling p384 v0.14.0
   Compiling p521 v0.14.0
   Compiling better-auth-api v1.0.0-alpha.3 (/tmp/better-auth-sixissues-schema-cli/crates/api)
   Compiling better-auth-sqlx v1.0.0-alpha.3 (/tmp/better-auth-sixissues-schema-cli/crates/sqlx)
mbx[progress]: 15s elapsed; 43 hits, 0 misses, 0 bypassed, 6 not looked up; ~36.50s compiler work saved
   Compiling better-auth-seaorm v1.0.0-alpha.3 (/tmp/better-auth-sixissues-schema-cli/crates/seaorm)
mbx[progress]: 30s elapsed; 43 hits, 0 misses, 0 bypassed, 7 not looked up; ~36.50s compiler work saved
   Compiling proptest v1.11.0
   Compiling better-auth v1.0.0-alpha.3 (/tmp/better-auth-sixissues-schema-cli)
mbx[progress]: 45s elapsed; 44 hits, 0 misses, 0 bypassed, 11 not looked up; ~37.80s compiler work saved
mbx[progress]: 1m elapsed; 44 hits, 0 misses, 0 bypassed, 11 not looked up; ~37.80s compiler work saved
mbx[progress]: 1m 15s elapsed; 44 hits, 0 misses, 0 bypassed, 11 not looked up; ~37.80s compiler work saved
    Finished `test` profile [unoptimized] target(s) in 1m 23s
     Running tests/integration/main.rs (/tmp/better-auth-final-verification-20261004-schema-cli/target/debug/deps/integration-aa020217e6c63dd3)

running 4 tests
test core::schema::generated::seaorm_schema::generated_seaorm_schema_migrates_and_serves_the_store ... ok
test core::schema::generated::sqlx_schema::generated_sqlx_schema_migrates_and_serves_the_store ... ok
test core::schema::generated_api_key::seaorm_schema::generated_seaorm_schema_supports_api_key_creation ... ok
test core::schema::generated_api_key::sqlx_schema::generated_sqlx_schema_supports_api_key_creation ... ok

test result: ok. 4 passed; 0 failed; 0 ignored; 0 measured; 395 filtered out; finished in 0.08s

mbx[cache]: 44 hits, 0 misses, 11 not looked up, 11 incremental; 0 B downloaded, 0 B uploaded, 0 B stored locally
mbx[savings]: the checkouts are gone. their 1.4 TiB logical has gone to join them.
