• Running devenv:files:cleanup
✓ Running devenv:files:cleanup in 12.9ms
• Running devenv:files
✓ Running devenv:files in 15.9ms
• Running devenv:enterShell
✓ Running devenv:enterShell in 7.04ms
    Checking cfg-if v1.0.4
    Checking libc v0.2.182
    Checking typenum v1.19.0
    Checking zeroize v1.8.2
    Checking getrandom v0.2.17
    Checking generic-array v0.14.7
    Checking rand_core v0.6.4
    Checking subtle v2.6.1
    Checking crypto-common v0.1.7
    Checking serde_core v1.0.228
    Checking smallvec v1.15.1
    Checking memchr v2.8.0
    Checking scopeguard v1.2.0
    Checking itoa v1.0.17
    Checking const-oid v0.9.6
    Checking lock_api v0.4.14
    Checking pin-project-lite v0.2.16
    Checking block-buffer v0.10.4
    Checking once_cell v1.21.3
    Checking digest v0.10.7
    Checking zerofrom v0.1.6
    Checking stable_deref_trait v1.2.1
    Checking libm v0.2.16
    Checking yoke v0.8.1
    Checking serde v1.0.228
    Checking futures-core v0.3.32
    Checking num-traits v0.2.19
    Checking cpufeatures v0.2.17
    Checking zerovec v0.11.5
    Checking bytes v1.11.1
    Checking log v0.4.29
    Checking tinystr v0.8.2
    Checking parking_lot_core v0.9.12
    Checking litemap v0.8.1
    Checking writeable v0.6.2
    Checking parking_lot v0.12.5
    Checking icu_locale_core v2.1.1
    Checking potential_utf v0.1.4
    Checking zerotrie v0.2.3
    Checking tracing-core v0.1.36
    Checking errno v0.3.14
    Checking equivalent v1.0.2
    Checking foldhash v0.2.0
    Checking percent-encoding v2.3.2
    Checking allocator-api2 v0.2.21
    Checking signal-hook-registry v1.4.8
    Checking icu_provider v2.1.1
    Checking hashbrown v0.16.1
    Checking icu_collections v2.1.1
    Checking socket2 v0.6.2
    Checking mio v1.1.1
    Checking futures-sink v0.3.32
    Checking tracing v0.1.44
    Checking tokio v1.49.0
    Checking icu_properties_data v2.1.2
    Checking icu_normalizer_data v2.1.1
    Checking bitflags v2.11.0
    Checking icu_normalizer v2.1.1
    Checking icu_properties v2.1.2
    Checking indexmap v2.13.0
    Checking form_urlencoded v1.2.2
    Checking rand_core v0.10.1
    Checking base64ct v1.8.3
    Checking idna_adapter v1.2.1
    Checking zmij v1.0.21
    Checking spin v0.9.8
    Checking utf8_iter v1.0.4
    Checking powerfmt v0.2.0
    Checking idna v1.1.0
    Checking deranged v0.5.8
    Checking serde_json v1.0.149
    Checking getrandom v0.4.1
    Checking sha2 v0.10.9
    Checking slab v0.4.12
    Checking time-core v0.1.8
    Checking futures-io v0.3.32
    Checking futures-task v0.3.32
    Checking num-conv v0.2.0
    Checking futures-util v0.3.32
    Checking time v0.3.47
    Checking url v2.5.8
    Checking pem-rfc7468 v0.7.0
    Checking foreign-types-shared v0.1.1
    Checking der v0.7.10
    Checking foreign-types v0.3.2
    Checking openssl-sys v0.9.111
    Checking zerocopy v0.8.39
    Checking openssl v0.10.75
    Checking spki v0.7.3
    Checking pkcs8 v0.10.2
    Checking hmac v0.12.1
    Checking base64 v0.22.1
    Checking uuid v1.21.0
    Checking futures-channel v0.3.32
    Checking ppv-lite86 v0.2.21
    Checking http v1.4.0
    Checking hybrid-array v0.4.10
    Checking iana-time-zone v0.1.65
    Checking openssl-probe v0.2.1
    Checking chrono v0.4.44
    Checking native-tls v0.2.18
    Checking lazy_static v1.5.0
    Checking cmov v0.5.4
    Checking block-buffer v0.12.1
    Checking ctutils v0.4.2
    Checking crypto-common v0.2.2
    Checking crossbeam-utils v0.8.21
    Checking num-integer v0.1.46
    Checking signature v2.2.0
    Checking ff v0.13.1
    Checking base16ct v0.2.0
    Checking regex-syntax v0.8.10
    Checking tinyvec_macros v0.1.1
    Checking sec1 v0.7.3
    Checking tinyvec v1.10.0
    Checking group v0.13.0
    Checking digest v0.11.3
    Checking thiserror v2.0.18
    Checking http-body v1.0.1
    Checking hkdf v0.12.4
    Checking aho-corasick v1.1.4
    Checking crypto-bigint v0.5.5
    Checking inout v0.1.4
    Checking arrayvec v0.7.6
    Checking cipher v0.4.4
    Checking rust_decimal v1.40.0
    Checking elliptic-curve v0.13.8
    Checking regex-automata v0.4.14
    Checking unicode-normalization v0.1.25
    Checking concurrent-queue v2.5.0
    Checking parking v2.2.1
    Checking either v1.15.0
    Checking tower-service v0.3.3
    Checking cpufeatures v0.3.1
    Checking hex v0.4.3
    Checking crc-catalog v2.4.0
    Checking event-listener v5.4.1
    Checking crc v3.4.0
    Checking httparse v1.10.1
    Checking crossbeam-queue v0.3.12
    Checking rfc6979 v0.4.0
    Checking tokio-stream v0.1.18
    Checking hashlink v0.11.1
    Checking futures-intrusive v0.5.0
    Checking try-lock v0.2.5
    Checking sqlx-core v0.9.0
    Checking want v0.3.1
    Checking ecdsa v0.16.9
    Checking getrandom v0.3.4
    Checking chacha20 v0.10.2
    Checking hmac v0.13.0
    Checking atoi v2.0.0
    Checking sync_wrapper v1.0.2
    Checking universal-hash v0.5.1
    Checking tower-layer v0.3.3
    Checking minimal-lexical v0.2.1
    Checking opaque-debug v0.3.1
    Checking pin-utils v0.1.0
    Checking ryu v1.0.23
    Checking unicode-properties v0.1.4
    Checking dotenvy v0.15.7
    Checking atomic-waker v1.1.2
    Checking unicode-bidi v0.3.18
    Checking httpdate v1.0.3
    Checking stringprep v0.1.5
    Checking hyper v1.8.1
    Checking nom v7.1.3
    Checking hkdf v0.13.0
    Checking rand_core v0.9.5
    Checking rand v0.10.3
    Checking libsqlite3-sys v0.30.1
    Checking sha2 v0.11.0
    Checking regex v1.12.3
    Checking primeorder v0.13.6
    Checking http-body-util v0.1.5
    Checking md-5 v0.11.0
    Checking rand_chacha v0.3.1
    Checking futures-executor v0.3.32
    Checking flume v0.12.0
    Checking ipnet v2.11.0
    Checking byteorder v1.5.0
    Checking whoami v2.1.3
    Checking hyper-util v0.1.20
    Checking sqlx-postgres v0.9.0
    Checking sqlx-sqlite v0.9.0
    Checking thiserror v1.0.69
    Checking rand v0.8.5
    Checking rusticata-macros v4.1.0
    Checking tower v0.5.3
    Checking num-iter v0.1.45
    Checking utf8parse v0.2.2
    Checking mime v0.3.17
    Checking anstyle-parse v0.2.7
    Checking asn1-rs v0.6.2
    Checking curve25519-dalek v4.1.3
    Checking num-bigint-dig v0.8.6
    Checking sqlx v0.9.0
    Checking rand_chacha v0.9.0
    Checking serde_urlencoded v0.7.1
    Checking polyval v0.6.2
    Checking ed25519 v2.2.3
    Checking pkcs1 v0.7.5
    Checking ordered-float v4.6.0
    Checking aead v0.5.2
    Checking anstyle v1.0.13
    Checking anstyle-query v1.1.5
    Checking adler2 v2.0.1
    Checking is_terminal_polyfill v1.70.2
    Checking base64 v0.21.7
    Checking colorchoice v1.0.4
    Checking simd-adler32 v0.3.10
    Checking anstream v0.6.21
    Checking miniz_oxide v0.9.1
    Checking base64urlsafedata v0.5.4
    Checking sea-query v1.0.2
    Checking rsa v0.9.10
    Checking ed25519-dalek v2.2.0
    Checking ghash v0.5.1
    Checking rand v0.9.2
    Checking crc32fast v1.5.2
    Checking axum-core v0.5.6
    Checking p256 v0.13.2
    Checking p384 v0.13.1
    Checking salsa20 v0.10.2
    Checking ctr v0.9.2
    Checking aes v0.8.4
    Checking num-bigint v0.4.6
    Checking pbkdf2 v0.12.2
    Checking password-hash v0.5.0
    Checking serde_path_to_error v0.1.20
    Checking matchit v0.8.4
    Checking strsim v0.11.1
    Checking clap_lex v1.0.0
   Compiling better-auth-schema-registry v1.0.0-alpha.3 (/tmp/better-auth-final-verification-20261004/account-contract-repair/crates/schema-registry)
    Checking clap_builder v4.5.60
   Compiling better-auth-entity-codegen v1.0.0-alpha.3 (/tmp/better-auth-final-verification-20261004/account-contract-repair/crates/entity-codegen)
    Checking axum v0.8.8
    Checking scrypt v0.11.0
    Checking der-parser v9.0.0
    Checking aes-gcm v0.10.3
    Checking jsonwebtoken v11.1.0
    Checking flate2 v1.1.10
    Checking validator v0.21.0
    Checking sea-query-sqlx v0.9.1
    Checking cookie v0.18.1
    Checking oid-registry v0.7.1
    Checking derive_more v2.1.1
    Checking matchers v0.2.0
    Checking sharded-slab v0.1.7
    Checking half v2.7.1
    Checking tracing-log v0.2.0
    Checking thread_local v1.1.9
   Compiling better-auth-macros v1.0.0-alpha.3 (/tmp/better-auth-final-verification-20261004/account-contract-repair/crates/derive)
   Compiling better-auth-webauthn-core v1.0.0-alpha.3 (/tmp/better-auth-final-verification-20261004/account-contract-repair/vendor/webauthn-rs-core)
    Checking aliasable v0.1.3
    Checking static_assertions v1.1.0
    Checking nu-ansi-term v0.50.3
    Checking glob-match v0.2.1
    Checking data-encoding v2.10.0
    Checking ryu-js v1.0.3
    Checking x509-parser v0.16.0
    Checking better-auth-core v1.0.0-alpha.3 (/tmp/better-auth-final-verification-20261004/account-contract-repair/crates/core)
    Checking tracing-subscriber v0.3.22
    Checking ouroboros v0.18.5
    Checking async-stream v0.3.6
    Checking serde_cbor_2 v0.13.0
    Checking clap v4.5.60
    Checking sea-schema v0.18.1
    Checking webauthn-attestation-ca v0.5.4
    Checking webauthn-rs-proto v0.5.4
    Checking itertools v0.14.0
    Checking tokio-native-tls v0.3.1
    Checking glob v0.3.3
    Checking strum v0.28.0
    Checking iri-string v0.7.10
    Checking linux-raw-sys v0.12.1
    Checking rustix v1.1.4
    Checking tower-http v0.6.8
    Checking sea-orm-cli v2.0.4
    Checking sea-orm v2.0.4
    Checking hyper-tls v0.6.0
    Checking poly1305 v0.8.0
    Checking chacha20 v0.9.1
    Checking sha1 v0.10.6
    Checking rustls-pki-types v1.14.0
    Checking base32 v0.5.1
    Checking urlencoding v2.1.3
    Checking unsafe-libyaml v0.2.11
    Checking fastrand v2.3.0
    Checking constant_time_eq v0.3.1
    Checking keccak v0.1.6
    Checking core_detect v1.0.0
    Checking simdutf8 v0.1.5
    Checking encoding_rs v0.8.42
    Checking sha3 v0.10.8
    Checking totp-rs v5.7.0
    Checking tempfile v3.26.0
    Checking serde_yaml v0.9.34+deprecated
    Checking reqwest v0.12.28
    Checking chacha20poly1305 v0.10.1
    Checking serde_with v3.18.0
    Checking bon v3.9.0
    Checking better-auth-webauthn-rs v1.0.0-alpha.3 (/tmp/better-auth-final-verification-20261004/account-contract-repair/vendor/webauthn-rs)
    Checking sea-orm-migration v2.0.4
   Compiling better-auth-seaorm-macros v1.0.0-alpha.3 (/tmp/better-auth-final-verification-20261004/account-contract-repair/crates/seaorm-macros)
   Compiling better-auth-sqlx-macros v1.0.0-alpha.3 (/tmp/better-auth-final-verification-20261004/account-contract-repair/crates/sqlx-macros)
    Checking p521 v0.13.3
    Checking k256 v0.13.4
    Checking tokio-util v0.7.19
    Checking wait-timeout v0.2.1
    Checking bit-vec v0.8.0
    Checking quick-error v1.2.3
    Checking fnv v1.0.7
    Checking rusty-fork v0.3.1
    Checking bit-set v0.8.0
    Checking multer v3.1.0
    Checking rand_xorshift v0.4.0
    Checking unarray v0.1.4
    Checking semver v1.0.27
    Checking oas3 v0.20.1
    Checking proptest v1.10.0
    Checking better-auth-api v1.0.0-alpha.3 (/tmp/better-auth-final-verification-20261004/account-contract-repair/crates/api)
    Checking better-auth-seaorm v1.0.0-alpha.3 (/tmp/better-auth-final-verification-20261004/account-contract-repair/crates/seaorm)
    Checking better-auth-sqlx v1.0.0-alpha.3 (/tmp/better-auth-final-verification-20261004/account-contract-repair/crates/sqlx)
mbx[progress]: 15s elapsed; 323 hits, 0 misses, 0 bypassed, 4 not looked up; ~49.82s compiler work saved
    Checking better-auth v1.0.0-alpha.3 (/tmp/better-auth-final-verification-20261004/account-contract-repair)
mbx[progress]: 30s elapsed; 323 hits, 0 misses, 0 bypassed, 6 not looked up; ~49.82s compiler work saved
error: usage of the `unreachable!` macro
    --> tests/integration/plugins/admin_identity.rs:1347:22
     |
1347 |                 _ => unreachable!(),
     |                      ^^^^^^^^^^^^^^
     |
     = help: for further information visit https://rust-lang.github.io/rust-clippy/rust-1.99.0/index.html#unreachable
     = note: `-D clippy::unreachable` implied by `-D warnings`
     = help: to override `-D warnings` add `#[allow(clippy::unreachable)]`

error: usage of the `unreachable!` macro
    --> tests/integration/plugins/admin_identity.rs:1370:22
     |
1370 |                 _ => unreachable!(),
     |                      ^^^^^^^^^^^^^^
     |
     = help: for further information visit https://rust-lang.github.io/rust-clippy/rust-1.99.0/index.html#unreachable

error: could not compile `better-auth` (test "integration") due to 2 previous errors
mbx[cache]: 323 hits, 0 misses, 6 not looked up; 0 B downloaded, 0 B uploaded, 36.5 MiB stored locally
mbx[savings]: served 323 compilations from cache; rustc showed up ready to do 50s of work and was sent home
