• Running devenv:files:cleanup
✓ Running devenv:files:cleanup in 22.6ms
• Running devenv:files
✓ Running devenv:files in 44.1ms
• Running devenv:enterShell
✓ Running devenv:enterShell in 10.8ms
    Checking zeroize v1.8.2
   Compiling generic-array v0.14.7
   Compiling openssl-sys v0.9.111
   Compiling num-traits v0.2.19
    Checking crypto-common v0.1.7
    Checking block-buffer v0.10.4
    Checking zerofrom v0.1.6
    Checking digest v0.10.7
    Checking yoke v0.8.1
    Checking serde v1.0.228
    Checking zerovec v0.11.5
   Compiling openssl v0.10.75
    Checking tinystr v0.8.2
    Checking potential_utf v0.1.4
    Checking icu_locale_core v2.1.1
    Checking zerotrie v0.2.3
    Checking icu_collections v2.1.1
    Checking icu_provider v2.1.1
    Checking tokio v1.49.0
    Checking tracing v0.1.44
    Checking icu_normalizer v2.1.1
    Checking icu_properties v2.1.2
   Compiling native-tls v0.2.18
    Checking idna_adapter v1.2.1
    Checking sha2 v0.10.9
    Checking idna v1.1.0
    Checking time v0.3.47
    Checking url v2.5.8
    Checking der v0.7.10
    Checking zerocopy v0.8.39
    Checking spki v0.7.3
    Checking pkcs8 v0.10.2
    Checking hmac v0.12.1
    Checking ppv-lite86 v0.2.21
    Checking chrono v0.4.44
    Checking num-integer v0.1.46
    Checking signature v2.2.0
    Checking sec1 v0.7.3
   Compiling rust_decimal v1.40.0
    Checking thiserror v2.0.18
    Checking hkdf v0.12.4
    Checking crypto-bigint v0.5.5
    Checking inout v0.1.4
   Compiling libsqlite3-sys v0.30.1
   Compiling sqlx-core v0.9.0
    Checking elliptic-curve v0.13.8
    Checking cipher v0.4.4
   Compiling atoi v2.0.0
    Checking rfc6979 v0.4.0
    Checking tokio-stream v0.1.18
   Compiling sqlx-postgres v0.9.0
    Checking ecdsa v0.16.9
   Compiling sqlx-sqlite v0.9.0
    Checking universal-hash v0.5.1
    Checking hyper v1.8.1
   Compiling sqlx-macros-core v0.9.0
   Compiling curve25519-dalek v4.1.3
    Checking primeorder v0.13.6
    Checking rand_chacha v0.3.1
    Checking rand v0.8.5
    Checking hyper-util v0.1.20
    Checking thiserror v1.0.69
   Compiling sqlx-macros v0.9.0
    Checking tower v0.5.3
    Checking num-iter v0.1.45
   Compiling proc-macro2-diagnostics v0.10.1
    Checking asn1-rs v0.6.2
    Checking sqlx v0.9.0
    Checking num-bigint-dig v0.8.6
    Checking rand_chacha v0.9.0
    Checking polyval v0.6.2
    Checking serde_urlencoded v0.7.1
    Checking ed25519 v2.2.3
    Checking pkcs1 v0.7.5
    Checking ordered-float v4.6.0
    Checking aead v0.5.2
   Compiling cookie v0.18.1
    Checking base64urlsafedata v0.5.4
    Checking sea-query v1.0.2
    Checking ed25519-dalek v2.2.0
    Checking rsa v0.9.10
    Checking ghash v0.5.1
    Checking rand v0.9.2
    Checking axum-core v0.5.6
    Checking p256 v0.13.2
    Checking p384 v0.13.1
    Checking ctr v0.9.2
    Checking aes v0.8.4
    Checking salsa20 v0.10.2
    Checking num-bigint v0.4.6
    Checking pbkdf2 v0.12.2
   Compiling better-auth-schema-registry v1.0.0-alpha.3 (/tmp/better-auth-final-verification-20261004/account-contract-repair/crates/schema-registry)
    Checking axum v0.8.8
   Compiling better-auth-entity-codegen v1.0.0-alpha.3 (/tmp/better-auth-final-verification-20261004/account-contract-repair/crates/entity-codegen)
   Compiling webauthn-attestation-ca v0.5.4
    Checking der-parser v9.0.0
    Checking scrypt v0.11.0
    Checking aes-gcm v0.10.3
    Checking jsonwebtoken v11.1.0
    Checking validator v0.21.0
    Checking sea-query-sqlx v0.9.1
   Compiling ouroboros_macro v0.18.5
    Checking oid-registry v0.7.1
    Checking derive_more v2.1.1
    Checking half v2.7.1
   Compiling better-auth-macros v1.0.0-alpha.3 (/tmp/better-auth-final-verification-20261004/account-contract-repair/crates/derive)
   Compiling better-auth-webauthn-core v1.0.0-alpha.3 (/tmp/better-auth-final-verification-20261004/account-contract-repair/vendor/webauthn-rs-core)
    Checking better-auth-core v1.0.0-alpha.3 (/tmp/better-auth-final-verification-20261004/account-contract-repair/crates/core)
    Checking x509-parser v0.16.0
    Checking ouroboros v0.18.5
    Checking tracing-subscriber v0.3.22
    Checking async-stream v0.3.6
    Checking serde_cbor_2 v0.13.0
    Checking clap v4.5.60
    Checking sea-schema v0.18.1
    Checking webauthn-rs-proto v0.5.4
   Compiling encoding_rs v0.8.42
    Checking tokio-native-tls v0.3.1
    Checking sea-orm-cli v2.0.4
    Checking hyper-tls v0.6.0
    Checking sea-orm v2.0.4
    Checking tower-http v0.6.8
    Checking poly1305 v0.8.0
    Checking chacha20 v0.9.1
    Checking sha1 v0.10.6
    Checking rustls-pki-types v1.14.0
   Compiling multer v3.1.0
    Checking totp-rs v5.7.0
    Checking serde_yaml v0.9.34+deprecated
    Checking sha3 v0.10.8
    Checking reqwest v0.12.28
    Checking chacha20poly1305 v0.10.1
    Checking better-auth-webauthn-rs v1.0.0-alpha.3 (/tmp/better-auth-final-verification-20261004/account-contract-repair/vendor/webauthn-rs)
    Checking serde_with v3.18.0
    Checking bon v3.9.0
    Checking sea-orm-migration v2.0.4
   Compiling better-auth-seaorm-macros v1.0.0-alpha.3 (/tmp/better-auth-final-verification-20261004/account-contract-repair/crates/seaorm-macros)
   Compiling better-auth-sqlx-macros v1.0.0-alpha.3 (/tmp/better-auth-final-verification-20261004/account-contract-repair/crates/sqlx-macros)
    Checking p521 v0.13.3
    Checking k256 v0.13.4
    Checking tokio-util v0.7.19
    Checking better-auth-api v1.0.0-alpha.3 (/tmp/better-auth-final-verification-20261004/account-contract-repair/crates/api)
    Checking better-auth-sqlx v1.0.0-alpha.3 (/tmp/better-auth-final-verification-20261004/account-contract-repair/crates/sqlx)
    Checking better-auth-seaorm v1.0.0-alpha.3 (/tmp/better-auth-final-verification-20261004/account-contract-repair/crates/seaorm)
    Checking oas3 v0.20.1
    Checking proptest v1.10.0
    Checking better-auth v1.0.0-alpha.3 (/tmp/better-auth-final-verification-20261004/account-contract-repair)
mbx[progress]: 15s elapsed; 191 hits, 1 misses, 0 bypassed, 2 not looked up; ~44.38s compiler work saved
    Finished `dev` profile [unoptimized] target(s) in 24.28s
mbx[cache]: 191 hits, 1 misses, 2 not looked up, 3 incremental; 0 B downloaded, 0 B uploaded, 0 B stored locally
mbx[savings]: 1.9 TiB logical of old files removed while you were busy compiling other things.
