• Running devenv:files:cleanup
✓ Running devenv:files:cleanup in 18.3ms
• Running devenv:files
✓ Running devenv:files in 41.4ms
• Running devenv:enterShell
✓ Running devenv:enterShell in 9.87ms
    Checking getrandom v0.2.17
   Compiling generic-array v0.14.7
    Checking rand_core v0.6.4
   Compiling openssl-sys v0.9.111
   Compiling num-traits v0.2.19
    Checking crypto-common v0.1.7
    Checking block-buffer v0.10.4
    Checking yoke v0.8.1
    Checking digest v0.10.7
    Checking serde v1.0.228
    Checking zerovec v0.11.5
    Checking parking_lot_core v0.9.12
    Checking tinystr v0.8.2
   Compiling openssl v0.10.75
    Checking icu_locale_core v2.1.1
    Checking parking_lot v0.12.5
    Checking potential_utf v0.1.4
    Checking zerotrie v0.2.3
    Checking icu_collections v2.1.1
    Checking icu_provider v2.1.1
    Checking tokio v1.49.0
    Checking tracing v0.1.44
    Checking icu_normalizer v2.1.1
    Checking icu_properties v2.1.2
    Checking idna_adapter v1.2.1
   Compiling native-tls v0.2.18
    Checking idna v1.1.0
    Checking getrandom v0.4.1
    Checking sha2 v0.10.9
    Checking futures-util v0.3.32
    Checking url v2.5.8
    Checking der v0.7.10
    Checking spki v0.7.3
    Checking pkcs8 v0.10.2
    Checking hmac v0.12.1
    Checking uuid v1.21.0
    Checking chrono v0.4.44
    Checking num-integer v0.1.46
    Checking signature v2.2.0
    Checking ff v0.13.1
    Checking sec1 v0.7.3
    Checking tinyvec v1.10.0
   Compiling rust_decimal v1.40.0
    Checking group v0.13.0
    Checking hkdf v0.12.4
    Checking crypto-bigint v0.5.5
    Checking inout v0.1.4
   Compiling libsqlite3-sys v0.30.1
   Compiling sqlx-core v0.9.0
    Checking elliptic-curve v0.13.8
    Checking cipher v0.4.4
    Checking unicode-normalization v0.1.25
   Compiling atoi v2.0.0
    Checking event-listener v5.4.1
    Checking rfc6979 v0.4.0
    Checking tokio-stream v0.1.18
    Checking futures-intrusive v0.5.0
   Compiling sqlx-postgres v0.9.0
    Checking ecdsa v0.16.9
   Compiling sqlx-sqlite v0.9.0
    Checking getrandom v0.3.4
    Checking universal-hash v0.5.1
    Checking stringprep v0.1.5
    Checking hyper v1.8.1
    Checking rand v0.10.3
    Checking rand_core v0.9.5
   Compiling sqlx-macros-core v0.9.0
   Compiling curve25519-dalek v4.1.3
    Checking primeorder v0.13.6
    Checking http-body-util v0.1.5
    Checking rand_chacha v0.3.1
    Checking futures-executor v0.3.32
    Checking hyper-util v0.1.20
    Checking rand v0.8.5
   Compiling sqlx-macros v0.9.0
    Checking tower v0.5.3
    Checking num-iter v0.1.45
   Compiling proc-macro2-diagnostics v0.10.1
    Checking anstyle-parse v0.2.7
    Checking asn1-rs v0.6.2
    Checking num-bigint-dig v0.8.6
    Checking sqlx v0.9.0
    Checking rand_chacha v0.9.0
    Checking polyval v0.6.2
    Checking serde_urlencoded v0.7.1
    Checking ed25519 v2.2.3
    Checking pkcs1 v0.7.5
    Checking ordered-float v4.6.0
    Checking aead v0.5.2
   Compiling cookie v0.18.1
    Checking anstream v0.6.21
    Checking base64urlsafedata v0.5.4
    Checking sea-query v1.0.2
    Checking rsa v0.9.10
    Checking ed25519-dalek v2.2.0
    Checking ghash v0.5.1
    Checking rand v0.9.2
    Checking axum-core v0.5.6
    Checking p256 v0.13.2
    Checking p384 v0.13.1
    Checking salsa20 v0.10.2
    Checking ctr v0.9.2
    Checking aes v0.8.4
    Checking num-bigint v0.4.6
    Checking pbkdf2 v0.12.2
    Checking password-hash v0.5.0
   Compiling better-auth-schema-registry v1.0.0-alpha.3 (/tmp/better-auth-final-verification-20261004/account-contract-repair/crates/schema-registry)
    Checking clap_builder v4.5.60
    Checking scrypt v0.11.0
   Compiling better-auth-entity-codegen v1.0.0-alpha.3 (/tmp/better-auth-final-verification-20261004/account-contract-repair/crates/entity-codegen)
    Checking axum v0.8.8
   Compiling webauthn-attestation-ca v0.5.4
    Checking der-parser v9.0.0
    Checking aes-gcm v0.10.3
    Checking jsonwebtoken v11.1.0
    Checking validator v0.21.0
    Checking sea-query-sqlx v0.9.1
   Compiling ouroboros_macro v0.18.5
    Checking oid-registry v0.7.1
    Checking half v2.7.1
    Checking tracing-log v0.2.0
   Compiling better-auth-macros v1.0.0-alpha.3 (/tmp/better-auth-final-verification-20261004/account-contract-repair/crates/derive)
   Compiling better-auth-webauthn-core v1.0.0-alpha.3 (/tmp/better-auth-final-verification-20261004/account-contract-repair/vendor/webauthn-rs-core)
    Checking ouroboros v0.18.5
    Checking better-auth-core v1.0.0-alpha.3 (/tmp/better-auth-final-verification-20261004/account-contract-repair/crates/core)
    Checking tracing-subscriber v0.3.22
    Checking x509-parser v0.16.0
    Checking async-stream v0.3.6
    Checking serde_cbor_2 v0.13.0
    Checking clap v4.5.60
    Checking sea-schema v0.18.1
    Checking webauthn-rs-proto v0.5.4
   Compiling encoding_rs v0.8.42
    Checking tokio-native-tls v0.3.1
    Checking sea-orm-cli v2.0.4
    Checking sea-orm v2.0.4
    Checking tower-http v0.6.8
    Checking hyper-tls v0.6.0
    Checking poly1305 v0.8.0
    Checking chacha20 v0.9.1
    Checking sha1 v0.10.6
   Compiling multer v3.1.0
    Checking totp-rs v5.7.0
    Checking tempfile v3.26.0
    Checking serde_yaml v0.9.34+deprecated
    Checking sha3 v0.10.8
    Checking reqwest v0.12.28
    Checking chacha20poly1305 v0.10.1
    Checking serde_with v3.18.0
    Checking better-auth-webauthn-rs v1.0.0-alpha.3 (/tmp/better-auth-final-verification-20261004/account-contract-repair/vendor/webauthn-rs)
    Checking sea-orm-migration v2.0.4
   Compiling better-auth-sqlx-macros v1.0.0-alpha.3 (/tmp/better-auth-final-verification-20261004/account-contract-repair/crates/sqlx-macros)
   Compiling better-auth-seaorm-macros v1.0.0-alpha.3 (/tmp/better-auth-final-verification-20261004/account-contract-repair/crates/seaorm-macros)
    Checking p521 v0.13.3
    Checking k256 v0.13.4
    Checking tokio-util v0.7.19
    Checking rusty-fork v0.3.1
    Checking rand_xorshift v0.4.0
    Checking oas3 v0.20.1
    Checking proptest v1.10.0
    Checking better-auth-api v1.0.0-alpha.3 (/tmp/better-auth-final-verification-20261004/account-contract-repair/crates/api)
    Checking better-auth-seaorm v1.0.0-alpha.3 (/tmp/better-auth-final-verification-20261004/account-contract-repair/crates/seaorm)
    Checking better-auth-sqlx v1.0.0-alpha.3 (/tmp/better-auth-final-verification-20261004/account-contract-repair/crates/sqlx)
mbx[progress]: 15s elapsed; 205 hits, 2 misses, 0 bypassed, 0 not looked up; ~45.59s compiler work saved
    Checking better-auth v1.0.0-alpha.3 (/tmp/better-auth-final-verification-20261004/account-contract-repair)
mbx[progress]: 30s elapsed; 205 hits, 5 misses, 0 bypassed, 0 not looked up; ~45.59s compiler work saved
    Finished `dev` profile [unoptimized] target(s) in 30.64s
mbx[cache]: 205 hits, 6 misses; 0 B downloaded, 0 B uploaded, 36.5 MiB stored locally
mbx[savings]: 403688 compilations served. ask rustc how many it remembers doing.
