• Running devenv:files:cleanup
✓ Running devenv:files:cleanup in 15.1ms
• Running devenv:files
✓ Running devenv:files in 33.1ms
• Running devenv:enterShell
✓ Running devenv:enterShell in 9.53ms
   Compiling generic-array v0.14.7
   Compiling num-traits v0.2.19
    Checking serde v1.0.228
    Checking crypto-common v0.1.7
    Checking block-buffer v0.10.4
    Checking log v0.4.29
    Checking digest v0.10.7
    Checking tracing-core v0.1.36
    Checking tracing v0.1.44
    Checking futures-sink v0.3.32
    Checking tokio v1.49.0
    Checking deranged v0.5.8
    Checking indexmap v2.13.0
    Checking sha2 v0.10.9
    Checking time v0.3.47
    Checking serde_json v1.0.149
    Checking futures-util v0.3.32
    Checking url v2.5.8
    Checking bitflags v2.11.0
    Checking hmac v0.12.1
    Checking uuid v1.21.0
    Checking futures-channel v0.3.32
   Compiling openssl-sys v0.9.111
    Checking chrono v0.4.44
    Checking signature v2.2.0
    Checking num-integer v0.1.46
    Checking sec1 v0.7.3
    Checking rust_decimal v1.40.0
    Checking hkdf v0.12.4
    Checking inout v0.1.4
    Checking crypto-bigint v0.5.5
    Checking cipher v0.4.4
    Checking elliptic-curve v0.13.8
    Checking tokio-stream v0.1.18
   Compiling libsqlite3-sys v0.30.1
   Compiling thiserror v2.0.18
   Compiling openssl v0.10.75
    Checking sqlx-core v0.9.0
    Checking rfc6979 v0.4.0
    Checking atoi v2.0.0
   Compiling memchr v2.8.0
   Compiling aho-corasick v1.1.4
    Checking ecdsa v0.16.9
    Checking futures-executor v0.3.32
    Checking flume v0.12.0
    Checking universal-hash v0.5.1
   Compiling proc-macro2-diagnostics v0.10.1
   Compiling regex-automata v0.4.14
    Checking hyper v1.8.1
    Checking thiserror v1.0.69
   Compiling sea-query-derive v1.0.0
   Compiling curve25519-dalek v4.1.3
    Checking primeorder v0.13.6
    Checking ordered-float v4.6.0
    Checking hyper-util v0.1.20
    Checking sqlx-sqlite v0.9.0
    Checking sqlx-postgres v0.9.0
    Checking asn1-rs v0.6.2
    Checking sea-query v1.0.2
   Compiling regex v1.12.3
    Checking tower v0.5.3
    Checking num-iter v0.1.45
   Compiling either v1.15.0
   Compiling hashbrown v0.16.1
    Checking base64urlsafedata v0.5.4
   Compiling derive_more-impl v2.1.1
    Checking serde_urlencoded v0.7.1
   Compiling itertools v0.14.0
   Compiling pluralizer v0.5.0
   Compiling native-tls v0.2.18
    Checking num-bigint-dig v0.8.6
   Compiling ouroboros_macro v0.18.5
    Checking polyval v0.6.2
    Checking num-bigint v0.4.6
    Checking ed25519 v2.2.3
    Checking aead v0.5.2
   Compiling cookie v0.18.1
    Checking axum-core v0.5.6
   Compiling toml_edit v0.25.4+spec-1.1.0
   Compiling webauthn-attestation-ca v0.5.4
    Checking ouroboros v0.18.5
    Checking async-stream v0.3.6
    Checking tracing-subscriber v0.3.22
    Checking rsa v0.9.10
   Compiling sea-orm-macros v2.0.4
    Checking ed25519-dalek v2.2.0
    Checking der-parser v9.0.0
    Checking clap v4.5.60
    Checking ghash v0.5.1
    Checking derive_more v2.1.1
    Checking oid-registry v0.7.1
    Checking p256 v0.13.2
    Checking p384 v0.13.1
    Checking aes v0.8.4
    Checking ctr v0.9.2
    Checking salsa20 v0.10.2
    Checking sqlx v0.9.0
    Checking pbkdf2 v0.12.2
    Checking serde_path_to_error v0.1.20
   Compiling better-auth-webauthn-core v1.0.0-alpha.3 (/tmp/better-auth-final-verification-20261004/account-contract-repair/vendor/webauthn-rs-core)
   Compiling better-auth-schema-registry v1.0.0-alpha.3 (/tmp/better-auth-final-verification-20261004/account-contract-repair/crates/schema-registry)
    Checking sea-query-sqlx v0.9.1
    Checking x509-parser v0.16.0
   Compiling better-auth-entity-codegen v1.0.0-alpha.3 (/tmp/better-auth-final-verification-20261004/account-contract-repair/crates/entity-codegen)
    Checking axum v0.8.8
    Checking sea-schema v0.18.1
    Checking sea-orm v2.0.4
    Checking sea-orm-cli v2.0.4
    Checking scrypt v0.11.0
    Checking serde_cbor_2 v0.13.0
    Checking aes-gcm v0.10.3
    Checking jsonwebtoken v11.1.0
    Checking validator v0.21.0
    Checking tokio-native-tls v0.3.1
   Compiling proc-macro-crate v3.5.0
    Checking webauthn-rs-proto v0.5.4
   Compiling better-auth-macros v1.0.0-alpha.3 (/tmp/better-auth-final-verification-20261004/account-contract-repair/crates/derive)
    Checking tower-http v0.6.8
    Checking better-auth-core v1.0.0-alpha.3 (/tmp/better-auth-final-verification-20261004/account-contract-repair/crates/core)
    Checking sea-orm-migration v2.0.4
   Compiling better-auth-seaorm-macros v1.0.0-alpha.3 (/tmp/better-auth-final-verification-20261004/account-contract-repair/crates/seaorm-macros)
    Checking hyper-tls v0.6.0
    Checking poly1305 v0.8.0
    Checking chacha20 v0.9.1
    Checking sha1 v0.10.6
    Checking totp-rs v5.7.0
    Checking sha3 v0.10.8
    Checking reqwest v0.12.28
    Checking better-auth-seaorm v1.0.0-alpha.3 (/tmp/better-auth-final-verification-20261004/account-contract-repair/crates/seaorm)
    Checking chacha20poly1305 v0.10.1
    Checking serde_with v3.18.0
    Checking better-auth-webauthn-rs v1.0.0-alpha.3 (/tmp/better-auth-final-verification-20261004/account-contract-repair/vendor/webauthn-rs)
    Checking p521 v0.13.3
    Checking k256 v0.13.4
    Checking better-auth-api v1.0.0-alpha.3 (/tmp/better-auth-final-verification-20261004/account-contract-repair/crates/api)
mbx[progress]: 15s elapsed; 137 hits, 7 misses, 0 bypassed, 14 not looked up; ~24.24s compiler work saved
    Finished `dev` profile [unoptimized] target(s) in 23.72s
mbx[cache]: 137 hits, 7 misses, 14 not looked up; 0 B downloaded, 0 B uploaded, 36.6 MiB stored locally
mbx[savings]: 1.9 TiB logical of build debris binned so far. cargo clean remains unemployed.
